###############################################################################
#
# IAR ELF Linker V7.80.4.12462/W32 for ARM                07/Oct/2018  19:57:42
# Copyright 2007-2017 IAR Systems AB.
#
#    Output file  =  
#        E:\一些重要文件夹\智能车与理六420\中大智能车\repository02\car\Prj\IAR\FX15_Debug\Exe\vcan_Kinetis.out
#    Map file     =  
#        E:\一些重要文件夹\智能车与理六420\中大智能车\repository02\car\Prj\IAR\FX15_Debug\List\vcan_Kinetis.map
#    Command line =  
#        E:\一些重要文件夹\智能车与理六420\中大智能车\repository02\car\Prj\IAR\FX15_Debug\Obj\allinit.o
#        E:\一些重要文件夹\智能车与理六420\中大智能车\repository02\car\Prj\IAR\FX15_Debug\Obj\dianji.o
#        E:\一些重要文件夹\智能车与理六420\中大智能车\repository02\car\Prj\IAR\FX15_Debug\Obj\diskio.o
#        E:\一些重要文件夹\智能车与理六420\中大智能车\repository02\car\Prj\IAR\FX15_Debug\Obj\duoji.o
#        E:\一些重要文件夹\智能车与理六420\中大智能车\repository02\car\Prj\IAR\FX15_Debug\Obj\Encoder.o
#        E:\一些重要文件夹\智能车与理六420\中大智能车\repository02\car\Prj\IAR\FX15_Debug\Obj\ff.o
#        E:\一些重要文件夹\智能车与理六420\中大智能车\repository02\car\Prj\IAR\FX15_Debug\Obj\get_center.o
#        E:\一些重要文件夹\智能车与理六420\中大智能车\repository02\car\Prj\IAR\FX15_Debug\Obj\handle_img.o
#        E:\一些重要文件夹\智能车与理六420\中大智能车\repository02\car\Prj\IAR\FX15_Debug\Obj\jiwan.o
#        E:\一些重要文件夹\智能车与理六420\中大智能车\repository02\car\Prj\IAR\FX15_Debug\Obj\LCD_show.o
#        E:\一些重要文件夹\智能车与理六420\中大智能车\repository02\car\Prj\IAR\FX15_Debug\Obj\main.o
#        E:\一些重要文件夹\智能车与理六420\中大智能车\repository02\car\Prj\IAR\FX15_Debug\Obj\misc.o
#        E:\一些重要文件夹\智能车与理六420\中大智能车\repository02\car\Prj\IAR\FX15_Debug\Obj\MK60_adc.o
#        E:\一些重要文件夹\智能车与理六420\中大智能车\repository02\car\Prj\IAR\FX15_Debug\Obj\MK60_can.o
#        E:\一些重要文件夹\智能车与理六420\中大智能车\repository02\car\Prj\IAR\FX15_Debug\Obj\MK60_conf.o
#        E:\一些重要文件夹\智能车与理六420\中大智能车\repository02\car\Prj\IAR\FX15_Debug\Obj\MK60_dac.o
#        E:\一些重要文件夹\智能车与理六420\中大智能车\repository02\car\Prj\IAR\FX15_Debug\Obj\MK60_dma.o
#        E:\一些重要文件夹\智能车与理六420\中大智能车\repository02\car\Prj\IAR\FX15_Debug\Obj\MK60_DWT.o
#        E:\一些重要文件夹\智能车与理六420\中大智能车\repository02\car\Prj\IAR\FX15_Debug\Obj\MK60_flexbus.o
#        E:\一些重要文件夹\智能车与理六420\中大智能车\repository02\car\Prj\IAR\FX15_Debug\Obj\MK60_ftm.o
#        E:\一些重要文件夹\智能车与理六420\中大智能车\repository02\car\Prj\IAR\FX15_Debug\Obj\MK60_gpio.o
#        E:\一些重要文件夹\智能车与理六420\中大智能车\repository02\car\Prj\IAR\FX15_Debug\Obj\MK60_i2c.o
#        E:\一些重要文件夹\智能车与理六420\中大智能车\repository02\car\Prj\IAR\FX15_Debug\Obj\MK60_it.o
#        E:\一些重要文件夹\智能车与理六420\中大智能车\repository02\car\Prj\IAR\FX15_Debug\Obj\MK60_lptmr.o
#        E:\一些重要文件夹\智能车与理六420\中大智能车\repository02\car\Prj\IAR\FX15_Debug\Obj\MK60_mcg.o
#        E:\一些重要文件夹\智能车与理六420\中大智能车\repository02\car\Prj\IAR\FX15_Debug\Obj\MK60_PIT.o
#        E:\一些重要文件夹\智能车与理六420\中大智能车\repository02\car\Prj\IAR\FX15_Debug\Obj\MK60_port.o
#        E:\一些重要文件夹\智能车与理六420\中大智能车\repository02\car\Prj\IAR\FX15_Debug\Obj\MK60_rtc.o
#        E:\一些重要文件夹\智能车与理六420\中大智能车\repository02\car\Prj\IAR\FX15_Debug\Obj\MK60_sdhc.o
#        E:\一些重要文件夹\智能车与理六420\中大智能车\repository02\car\Prj\IAR\FX15_Debug\Obj\MK60_spi.o
#        E:\一些重要文件夹\智能车与理六420\中大智能车\repository02\car\Prj\IAR\FX15_Debug\Obj\MK60_SysTick.o
#        E:\一些重要文件夹\智能车与理六420\中大智能车\repository02\car\Prj\IAR\FX15_Debug\Obj\MK60_uart.o
#        E:\一些重要文件夹\智能车与理六420\中大智能车\repository02\car\Prj\IAR\FX15_Debug\Obj\MK60_usb.o
#        E:\一些重要文件夹\智能车与理六420\中大智能车\repository02\car\Prj\IAR\FX15_Debug\Obj\MK60_wdog.o
#        E:\一些重要文件夹\智能车与理六420\中大智能车\repository02\car\Prj\IAR\FX15_Debug\Obj\sd_driver.o
#        E:\一些重要文件夹\智能车与理六420\中大智能车\repository02\car\Prj\IAR\FX15_Debug\Obj\spi.o
#        E:\一些重要文件夹\智能车与理六420\中大智能车\repository02\car\Prj\IAR\FX15_Debug\Obj\startup_MK60DZ10.o
#        E:\一些重要文件夹\智能车与理六420\中大智能车\repository02\car\Prj\IAR\FX15_Debug\Obj\system_MK60DZ10.o
#        E:\一些重要文件夹\智能车与理六420\中大智能车\repository02\car\Prj\IAR\FX15_Debug\Obj\USB.o
#        E:\一些重要文件夹\智能车与理六420\中大智能车\repository02\car\Prj\IAR\FX15_Debug\Obj\USB_CDC.o
#        E:\一些重要文件夹\智能车与理六420\中大智能车\repository02\car\Prj\IAR\FX15_Debug\Obj\VCAN_ASCII.o
#        E:\一些重要文件夹\智能车与理六420\中大智能车\repository02\car\Prj\IAR\FX15_Debug\Obj\VCAN_BMP.o
#        E:\一些重要文件夹\智能车与理六420\中大智能车\repository02\car\Prj\IAR\FX15_Debug\Obj\VCAN_camera.o
#        E:\一些重要文件夹\智能车与理六420\中大智能车\repository02\car\Prj\IAR\FX15_Debug\Obj\VCAN_computer.o
#        E:\一些重要文件夹\智能车与理六420\中大智能车\repository02\car\Prj\IAR\FX15_Debug\Obj\vcan_img2sd.o
#        E:\一些重要文件夹\智能车与理六420\中大智能车\repository02\car\Prj\IAR\FX15_Debug\Obj\VCAN_key.o
#        E:\一些重要文件夹\智能车与理六420\中大智能车\repository02\car\Prj\IAR\FX15_Debug\Obj\VCAN_key_event.o
#        E:\一些重要文件夹\智能车与理六420\中大智能车\repository02\car\Prj\IAR\FX15_Debug\Obj\VCAN_LCD.o
#        E:\一些重要文件夹\智能车与理六420\中大智能车\repository02\car\Prj\IAR\FX15_Debug\Obj\VCAN_LCD_CH.o
#        E:\一些重要文件夹\智能车与理六420\中大智能车\repository02\car\Prj\IAR\FX15_Debug\Obj\VCAN_LCD_ILI9325.o
#        E:\一些重要文件夹\智能车与理六420\中大智能车\repository02\car\Prj\IAR\FX15_Debug\Obj\VCAN_LCD_ILI9341.o
#        E:\一些重要文件夹\智能车与理六420\中大智能车\repository02\car\Prj\IAR\FX15_Debug\Obj\VCAN_LCD_ST7735R.o
#        E:\一些重要文件夹\智能车与理六420\中大智能车\repository02\car\Prj\IAR\FX15_Debug\Obj\VCAN_LCD_ST7735S.o
#        E:\一些重要文件夹\智能车与理六420\中大智能车\repository02\car\Prj\IAR\FX15_Debug\Obj\VCAN_LED.o
#        E:\一些重要文件夹\智能车与理六420\中大智能车\repository02\car\Prj\IAR\FX15_Debug\Obj\VCAN_MMA7455.o
#        E:\一些重要文件夹\智能车与理六420\中大智能车\repository02\car\Prj\IAR\FX15_Debug\Obj\VCAN_NRF24L0.o
#        E:\一些重要文件夹\智能车与理六420\中大智能车\repository02\car\Prj\IAR\FX15_Debug\Obj\VCAN_NRF24L0_MSG.o
#        E:\一些重要文件夹\智能车与理六420\中大智能车\repository02\car\Prj\IAR\FX15_Debug\Obj\VCAN_OV7725_Eagle.o
#        E:\一些重要文件夹\智能车与理六420\中大智能车\repository02\car\Prj\IAR\FX15_Debug\Obj\VCAN_OV7725_Wolf.o
#        E:\一些重要文件夹\智能车与理六420\中大智能车\repository02\car\Prj\IAR\FX15_Debug\Obj\VCAN_RTC_count.o
#        E:\一些重要文件夹\智能车与理六420\中大智能车\repository02\car\Prj\IAR\FX15_Debug\Obj\VCAN_SCCB.o
#        E:\一些重要文件夹\智能车与理六420\中大智能车\repository02\car\Prj\IAR\FX15_Debug\Obj\vcan_sd_app.o
#        E:\一些重要文件夹\智能车与理六420\中大智能车\repository02\car\Prj\IAR\FX15_Debug\Obj\Vcan_touch.o
#        E:\一些重要文件夹\智能车与理六420\中大智能车\repository02\car\Prj\IAR\FX15_Debug\Obj\VCAN_TSL1401.o
#        E:\一些重要文件夹\智能车与理六420\中大智能车\repository02\car\Prj\IAR\FX15_Debug\Obj\VCAN_UI_VAR.o
#        E:\一些重要文件夹\智能车与理六420\中大智能车\repository02\car\Prj\IAR\FX15_Debug\Obj\vectors.o
#        E:\一些重要文件夹\智能车与理六420\中大智能车\repository02\car\Prj\IAR\FX15_Debug\Obj\zhidao.o
#        -o
#        E:\一些重要文件夹\智能车与理六420\中大智能车\repository02\car\Prj\IAR\FX15_Debug\Exe\vcan_Kinetis.out
#        --map
#        E:\一些重要文件夹\智能车与理六420\中大智能车\repository02\car\Prj\IAR\FX15_Debug\List\vcan_Kinetis.map
#        --config
#        "E:\一些重要文件夹\智能车与理六420\中大智能车\repository02\car\Prj\IAR\config
#        files\vcan_ROM_K60X512.icf"
#        E:\一些重要文件夹\智能车与理六420\中大智能车\repository02\car\Prj\IAR\..\..\Lib\CMSIS\iar_cortexM4l_math.a
#        --entry __iar_program_start --vfe
#
###############################################################################

*******************************************************************************
*** RUNTIME MODEL ATTRIBUTES
***

CppFlavor       = *
__SystemLibrary = DLib


*******************************************************************************
*** PLACEMENT SUMMARY
***

"A0":  place at 0x00008000 { ro section .intvec };
"A1":  place at 0x00008410 { ro section .noinit };
"P1":  place in [from 0x00008000 to 0x00080000] { ro, block CodeRelocate };
"P2":  place in [from 0x1fff0410 to 0x2000fbf0] {
          rw, block CodeRelocateRam, block CSTACK, block HEAP };
initialize manually with packing = copy, complex ranges { section .data };
initialize manually with packing = copy, complex ranges { section .textrw };

  Section              Kind        Address    Size  Object
  -------              ----        -------    ----  ------
"A0":                                        0x410
  .intvec              const    0x00008000   0x410  vectors.o [1]
                              - 0x00008410   0x410

"A1":                                          0x8
  .noinit              ro code  0x00008410     0x8  startup_MK60DZ10.o [1]
                              - 0x00008418     0x8

"P1":                                       0x6860
  .text                ro code  0x00008418  0x1c34  VCAN_LCD_ST7735S.o [1]
  .text                ro code  0x0000a04c   0x128  MK60_gpio.o [1]
  .text                ro code  0x0000a174    0xb8  MK60_port.o [1]
  .text                ro code  0x0000a22c    0x64  MK60_SysTick.o [1]
  .text                ro code  0x0000a290    0xe4  MK60_conf.o [1]
  .text                ro code  0x0000a374    0x70  VCAN_LED.o [1]
  .text                ro code  0x0000a3e4   0x268  MK60_uart.o [1]
  .text                ro code  0x0000a64c   0x4e0  VCAN_LCD.o [1]
  .text                ro code  0x0000ab2c   0x490  VCAN_LCD_CH.o [1]
  .text                ro code  0x0000afbc   0x9ac  get_center.o [1]
  .text                ro code  0x0000b968   0x5e8  MK60_ftm.o [1]
  .text                ro code  0x0000bf50   0x4a8  zhidao.o [1]
  .text                ro code  0x0000c3f8   0x450  duoji.o [1]
  .text                ro code  0x0000c848    0x2e  I32ToFlt.o [4]
  .text                ro code  0x0000c878    0xd8  FltMul.o [4]
  .text                ro code  0x0000c950    0x84  FltAdd.o [4]
  .text                ro code  0x0000c9d4    0x24  FltToU32.o [4]
  .text                ro code  0x0000c9f8    0xd6  FltSub.o [4]
  .text                ro code  0x0000cad0   0x420  allinit.o [1]
  .text                ro code  0x0000cef0   0x268  VCAN_OV7725_Eagle.o [1]
  .text                ro code  0x0000d158    0x50  misc.o [1]
  .text                ro code  0x0000d1a8   0x304  Encoder.o [1]
  .text                ro code  0x0000d4ac   0x244  MK60_dma.o [1]
  .text                ro code  0x0000d6f0   0x362  VCAN_SCCB.o [1]
  .text                ro code  0x0000da54    0x7c  MK60_PIT.o [1]
  .text                ro code  0x0000dad0    0x44  FltToS32.o [4]
  Veneer               ro code  0x0000db14     0x8  - Linker created -
  .text                ro code  0x0000db1c   0x3d4  MK60_mcg.o [1]
  .data_init                    0x0000def0   0x204  <Block>
    Initializer bytes  const    0x0000def0   0x204  <for .data-1>
  .text                ro code  0x0000e0f4   0x188  LCD_show.o [1]
  .text                ro code  0x0000e27c    0x5c  VCAN_key.o [1]
  .text                ro code  0x0000e2d8   0x170  dianji.o [1]
  .text                ro code  0x0000e448   0x150  main.o [1]
  .text                ro code  0x0000e598    0x10  handle_img.o [1]
  .text                ro code  0x0000e5a8   0x13c  system_MK60DZ10.o [1]
  .text                ro code  0x0000e6e4    0x40  MK60_wdog.o [1]
  .rodata              const    0x0000e724    0x58  allinit.o [1]
  .rodata              const    0x0000e77c    0x58  Encoder.o [1]
  CodeRelocate                  0x0000e7d4    0x50  <Block>
    Initializer bytes  const    0x0000e7d4    0x50  <for CodeRelocateRam-1>
  .rodata              const    0x0000e824    0x48  VCAN_LCD_ST7735S.o [1]
  .rodata              const    0x0000e86c    0x44  MK60_SysTick.o [1]
  .rodata              const    0x0000e8b0    0x40  MK60_dma.o [1]
  .rodata              const    0x0000e8f0    0x40  MK60_ftm.o [1]
  .rodata              const    0x0000e930    0x40  MK60_gpio.o [1]
  .rodata              const    0x0000e970    0x40  MK60_PIT.o [1]
  .rodata              const    0x0000e9b0    0x40  MK60_uart.o [1]
  .text                ro code  0x0000e9f0    0x40  zero_init3.o [5]
  .rodata              const    0x0000ea30    0x3c  misc.o [1]
  .rodata              const    0x0000ea6c    0x3c  MK60_conf.o [1]
  .text                ro code  0x0000eaa8    0x28  data_init.o [5]
  .rodata              const    0x0000ead0    0x24  VCAN_OV7725_Eagle.o [1]
  .rodata              const    0x0000eaf4    0x24  VCAN_OV7725_Eagle.o [1]
  .iar.init_table      const    0x0000eb18    0x10  - Linker created -
  .rodata              const    0x0000eb28    0x20  VCAN_OV7725_Eagle.o [1]
  .text                ro code  0x0000eb48    0x1a  cmain.o [5]
  .text                ro code  0x0000eb62     0x4  low_level_init.o [3]
  .text                ro code  0x0000eb66     0x4  exit.o [3]
  .text                ro code  0x0000eb6c     0xa  cexit.o [5]
  .text                ro code  0x0000eb78     0xc  XXexit.o [5]
  .rodata              const    0x0000eb84    0x18  VCAN_OV7725_Eagle.o [1]
  .rodata              const    0x0000eb9c    0x18  VCAN_OV7725_Eagle.o [1]
  .rodata              const    0x0000ebb4    0x14  VCAN_OV7725_Eagle.o [1]
  .rodata              const    0x0000ebc8    0x10  allinit.o [1]
  .rodata              const    0x0000ebd8    0x10  Encoder.o [1]
  .rodata              const    0x0000ebe8    0x10  LCD_show.o [1]
  .rodata              const    0x0000ebf8    0x10  LCD_show.o [1]
  .rodata              const    0x0000ec08     0xc  Encoder.o [1]
  .rodata              const    0x0000ec14     0xc  Encoder.o [1]
  .rodata              const    0x0000ec20     0xc  LCD_show.o [1]
  .text                ro code  0x0000ec2c     0xc  cstartup_M.o [5]
  .rodata              const    0x0000ec38     0x8  Encoder.o [1]
  .rodata              const    0x0000ec40     0x8  Encoder.o [1]
  .rodata              const    0x0000ec48     0x8  LCD_show.o [1]
  .rodata              const    0x0000ec50     0x8  LCD_show.o [1]
  .rodata              const    0x0000ec58     0x4  allinit.o [1]
  .rodata              const    0x0000ec5c     0x4  LCD_show.o [1]
  .rodata              const    0x0000ec60     0x4  MK60_conf.o [1]
  .rodata              const    0x0000ec64     0x4  VCAN_LCD.o [1]
  .rodata              const    0x0000ec68     0x4  VCAN_LCD.o [1]
  .rodata              const    0x0000ec6c     0x4  VCAN_LCD.o [1]
  .rodata              const    0x0000ec70     0x4  VCAN_LCD_CH.o [1]
  .rodata              const    0x0000ec74     0x4  VCAN_LCD_CH.o [1]
  .rodata              const    0x0000ec78     0x0  zero_init3.o [5]
                              - 0x0000ec78  0x6860

"P2", part 1 of 2:                           0x254
  .data                         0x1fff0410   0x204  <Block>
    .data-1                     0x1fff0410   0x202  <Init block>
      .data            inited   0x1fff0410     0x4  allinit.o [1]
      .data            inited   0x1fff0414     0x4  duoji.o [1]
      .data            inited   0x1fff0418     0x4  duoji.o [1]
      .data            inited   0x1fff041c     0x4  duoji.o [1]
      .data            inited   0x1fff0420     0x4  Encoder.o [1]
      .data            inited   0x1fff0424     0x4  Encoder.o [1]
      .data            inited   0x1fff0428     0x4  Encoder.o [1]
      .data            inited   0x1fff042c     0x4  Encoder.o [1]
      .data            inited   0x1fff0430    0x3c  handle_img.o [1]
      .data            inited   0x1fff046c    0x10  MK60_ftm.o [1]
      .data            inited   0x1fff047c    0x14  MK60_gpio.o [1]
      .data            inited   0x1fff0490    0x58  MK60_mcg.o [1]
      .data            inited   0x1fff04e8     0x4  MK60_mcg.o [1]
      .data            inited   0x1fff04ec    0x14  MK60_port.o [1]
      .data            inited   0x1fff0500    0x18  MK60_uart.o [1]
      .data            inited   0x1fff0518    0x80  VCAN_ASCII.o [1]
      .data            inited   0x1fff0598     0x8  VCAN_key.o [1]
      .data            inited   0x1fff05a0     0x4  VCAN_LED.o [1]
      .data            inited   0x1fff05a4    0x64  VCAN_OV7725_Eagle.o [1]
      .data            inited   0x1fff0608     0x2  VCAN_LCD_ST7735S.o [1]
      .data            inited   0x1fff060a     0x2  VCAN_LCD_ST7735S.o [1]
      .data            inited   0x1fff060c     0x1  duoji.o [1]
      .data            inited   0x1fff060d     0x1  get_center.o [1]
      .data            inited   0x1fff060e     0x1  get_center.o [1]
      .data            inited   0x1fff060f     0x1  get_center.o [1]
      .data            inited   0x1fff0610     0x1  VCAN_OV7725_Eagle.o [1]
      .data            inited   0x1fff0611     0x1  VCAN_OV7725_Eagle.o [1]
  CodeRelocateRam               0x1fff0614    0x50  <Block>
    CodeRelocateRam-1           0x1fff0614    0x50  <Init block>
      .textrw          inited   0x1fff0614    0x50  MK60_mcg.o [1]
                              - 0x1fff0664   0x254

"P2", part 2 of 2:                          0x1650
  .bss                          0x1fff0664  0x1650  <Block>
    .bss               zero     0x1fff0664   0x258  allinit.o [1]
    .bss               zero     0x1fff08bc  0x12c0  allinit.o [1]
    .bss               zero     0x1fff1b7c     0x4  allinit.o [1]
    .bss               zero     0x1fff1b80     0x4  allinit.o [1]
    .bss               zero     0x1fff1b84     0x4  allinit.o [1]
    .bss               zero     0x1fff1b88     0x4  allinit.o [1]
    .bss               zero     0x1fff1b8c     0x4  dianji.o [1]
    .bss               zero     0x1fff1b90     0x4  duoji.o [1]
    .bss               zero     0x1fff1b94     0x4  duoji.o [1]
    .bss               zero     0x1fff1b98     0x4  duoji.o [1]
    .bss               zero     0x1fff1b9c     0x4  Encoder.o [1]
    .bss               zero     0x1fff1ba0     0x4  Encoder.o [1]
    .bss               zero     0x1fff1ba4     0xc  Encoder.o [1]
    .bss               zero     0x1fff1bb0     0x4  Encoder.o [1]
    .bss               zero     0x1fff1bb4    0x3c  get_center.o [1]
    .bss               zero     0x1fff1bf0    0x3c  get_center.o [1]
    .bss               zero     0x1fff1c2c    0x3c  get_center.o [1]
    .bss               zero     0x1fff1c68     0x4  get_center.o [1]
    .bss               zero     0x1fff1c6c     0x4  get_center.o [1]
    .bss               zero     0x1fff1c70    0x10  MK60_ftm.o [1]
    .bss               zero     0x1fff1c80     0x4  system_MK60DZ10.o [1]
    .bss               zero     0x1fff1c84     0x4  system_MK60DZ10.o [1]
    .bss               zero     0x1fff1c88     0x4  system_MK60DZ10.o [1]
    .bss               zero     0x1fff1c8c     0x4  VCAN_OV7725_Eagle.o [1]
    .bss               zero     0x1fff1c90     0x4  zhidao.o [1]
    .bss               zero     0x1fff1c94     0x2  duoji.o [1]
    .bss               zero     0x1fff1c96     0x2  zhidao.o [1]
    .bss               zero     0x1fff1c98     0x1  allinit.o [1]
    .bss               zero     0x1fff1c99     0x1  allinit.o [1]
    .bss               zero     0x1fff1c9a     0x1  allinit.o [1]
    .bss               zero     0x1fff1c9b     0x1  allinit.o [1]
    .bss               zero     0x1fff1c9c     0x1  allinit.o [1]
    .bss               zero     0x1fff1c9d     0x1  allinit.o [1]
    .bss               zero     0x1fff1c9e     0x1  duoji.o [1]
    .bss               zero     0x1fff1c9f     0x1  Encoder.o [1]
    .bss               zero     0x1fff1ca0     0x1  get_center.o [1]
    .bss               zero     0x1fff1ca1     0x1  get_center.o [1]
    .bss               zero     0x1fff1ca2     0x1  jiwan.o [1]
    .bss               zero     0x1fff1ca3     0x1  jiwan.o [1]
    .bss               zero     0x1fff1ca4     0x1  jiwan.o [1]
    .bss               zero     0x1fff1ca5     0x1  VCAN_LCD_ST7735S.o [1]
    .bss               zero     0x1fff1ca6     0x1  zhidao.o [1]
    .bss               zero     0x1fff1ca7     0x1  zhidao.o [1]
    .bss               zero     0x1fff1ca8     0x1  zhidao.o [1]
    .bss               zero     0x1fff1ca9     0x1  zhidao.o [1]
    .bss               zero     0x1fff1caa     0x1  zhidao.o [1]
    .bss               zero     0x1fff1cab     0x1  zhidao.o [1]
    .bss               zero     0x1fff1cac     0x1  zhidao.o [1]
    .bss               zero     0x1fff1cad     0x1  zhidao.o [1]
    .bss               zero     0x1fff1cae     0x1  zhidao.o [1]
    .bss               zero     0x1fff1caf     0x1  zhidao.o [1]
    .bss               zero     0x1fff1cb0     0x1  zhidao.o [1]
    .bss               zero     0x1fff1cb1     0x1  zhidao.o [1]
                              - 0x1fff1cb4  0x1650


*******************************************************************************
*** INIT TABLE
***

          Address     Size
          -------     ----
Zero (__iar_zero_init3)
    1 destination range, total size 0x164e:
          0x1fff0664  0x164e



*******************************************************************************
*** MODULE SUMMARY
***

    Module               ro code  rw code  ro data  rw data
    ------               -------  -------  -------  -------
E:\一些重要文件夹\智能车与理六420\中大智能车\repository02\car\Prj\IAR\FX15_Debug\Obj: [1]
    Encoder.o                772               160       41
    LCD_show.o               392                64
    MK60_PIT.o               124                64
    MK60_SysTick.o           100                68
    MK60_conf.o              228                64
    MK60_dma.o               580                64
    MK60_ftm.o             1 512                80       32
    MK60_gpio.o              296                84       20
    MK60_mcg.o               980       80      172       92
    MK60_port.o              184                20       20
    MK60_uart.o              616                88       24
    MK60_wdog.o               64
    VCAN_ASCII.o                               128      128
    VCAN_LCD.o             1 248                12
    VCAN_LCD_CH.o          1 168                 8
    VCAN_LCD_ST7735S.o     7 220                76        5
    VCAN_LED.o               112                 4        4
    VCAN_OV7725_Eagle.o      616               274      106
    VCAN_SCCB.o              866
    VCAN_key.o                92                 8        8
    allinit.o              1 056               112    5 426
    dianji.o                 368                          4
    duoji.o                1 104                13       28
    get_center.o           2 476                 3      193
    handle_img.o              16                60       60
    jiwan.o                                               3
    main.o                   336
    misc.o                    80                60
    startup_MK60DZ10.o         8
    system_MK60DZ10.o        316                         12
    vectors.o                                1 040
    zhidao.o               1 192                         18
    -------------------------------------------------------
    Total:                24 122       80    2 726    6 224

command line: [2]
    -------------------------------------------------------
    Total:

dl7M_tln.a: [3]
    exit.o                     4
    low_level_init.o           4
    -------------------------------------------------------
    Total:                     8

m7M_tl.a: [4]
    FltAdd.o                 132
    FltMul.o                 216
    FltSub.o                 214
    FltToS32.o                68
    FltToU32.o                36
    I32ToFlt.o                46
    -------------------------------------------------------
    Total:                   712

rt7M_tl.a: [5]
    XXexit.o                  12
    cexit.o                   10
    cmain.o                   26
    cstartup_M.o              12
    data_init.o               40
    zero_init3.o              64
    -------------------------------------------------------
    Total:                   164

    Gaps                      10
    Linker created             8                18
-----------------------------------------------------------
    Grand Total:          25 024       80    2 744    6 224


*******************************************************************************
*** ENTRY LIST
***

Entry                      Address    Size  Type      Object
-----                      -------    ----  ----      ------
.bss$$Base              0x1fff0664           --   Gb  - Linker created -
.bss$$Limit             0x1fff1cb4           --   Gb  - Linker created -
.data$$Base             0x1fff0410           --   Gb  - Linker created -
.data$$Limit            0x1fff0614           --   Gb  - Linker created -
.data_init$$Base        0x0000def0           --   Gb  - Linker created -
.data_init$$Limit       0x0000e0f4           --   Gb  - Linker created -
.iar.init_table$$Base   0x0000eb18           --   Gb  - Linker created -
.iar.init_table$$Limit  0x0000eb28           --   Gb  - Linker created -
?main                   0x0000eb49          Code  Gb  cmain.o [5]
ASSERT_FAILED_STR       0x0000ea6c    0x3c  Data  Gb  MK60_conf.o [1]
BM1                     0x1fff1c98     0x1  Data  Gb  allinit.o [1]
BM2                     0x1fff1c99     0x1  Data  Gb  allinit.o [1]
BM3                     0x1fff1c9a     0x1  Data  Gb  allinit.o [1]
BM4                     0x1fff1c9b     0x1  Data  Gb  allinit.o [1]
Center                  0x1fff1c9e     0x1  Data  Gb  duoji.o [1]
CodeRelocate$$Base      0x0000e7d4           --   Gb  - Linker created -
CodeRelocate$$Limit     0x0000e824           --   Gb  - Linker created -
CodeRelocateRam$$Base   0x1fff0614           --   Gb  - Linker created -
CodeRelocateRam$$Limit  0x1fff0664           --   Gb  - Linker created -
DMA0_IRQHandler         0x0000cee9     0x8  Code  Gb  allinit.o [1]
DMA_Over_Flag           0x1fff1b7c     0x4  Data  Gb  allinit.o [1]
D_moto                  0x1fff042c     0x4  Data  Gb  Encoder.o [1]
Encoder                 0x0000d1bd    0x90  Code  Gb  Encoder.o [1]
Encoder_flagextern      0x1fff1c9f     0x1  Data  Gb  Encoder.o [1]
Encoder_speed1          0x1fff1b9c     0x4  Data  Gb  Encoder.o [1]
Encoder_speed2          0x1fff1ba0     0x4  Data  Gb  Encoder.o [1]
FTMN                    0x1fff046c    0x10  Data  Gb  MK60_ftm.o [1]
FTM_port_mux            0x0000b969   0x1ac  Code  Lc  MK60_ftm.o [1]
GPIOX                   0x1fff047c    0x14  Data  Gb  MK60_gpio.o [1]
I_moto                  0x1fff0428     0x4  Data  Gb  Encoder.o [1]
KEY_PTxn                0x1fff0598     0x8  Data  Gb  VCAN_key.o [1]
Kd                      0x1fff0418     0x4  Data  Gb  duoji.o [1]
Kd_z                    0x1fff041c     0x4  Data  Gb  duoji.o [1]
Kp                      0x1fff0414     0x4  Data  Gb  duoji.o [1]
LCD_Char_CH             0x0000ab2d   0x1ae  Code  Gb  VCAN_LCD_CH.o [1]
LCD_FChar_CH            0x0000adef   0x13c  Code  Gb  VCAN_LCD_CH.o [1]
LCD_FStr_CH             0x0000af51    0x6c  Code  Gb  VCAN_LCD_CH.o [1]
LCD_Img_gray_Z          0x0000a9cd   0x13c  Code  Gb  VCAN_LCD.o [1]
LCD_ST7735S_dir         0x000093d7   0xa0c  Code  Gb  VCAN_LCD_ST7735S.o [1]
LCD_ST7735S_init        0x00008419   0xfbe  Code  Gb  VCAN_LCD_ST7735S.o [1]
LCD_ST7735S_ptlon       0x00009df9   0x21c  Code  Gb  VCAN_LCD_ST7735S.o [1]
LCD_Str_ENCH            0x0000acdb   0x114  Code  Gb  VCAN_LCD_CH.o [1]
LCD_char                0x0000a77f   0x1c6  Code  Gb  VCAN_LCD.o [1]
LCD_clear               0x0000a757    0x28  Code  Gb  VCAN_LCD.o [1]
LCD_init                0x0000a64d    0x38  Code  Gb  VCAN_LCD.o [1]
LCD_num                 0x0000a945    0x88  Code  Gb  VCAN_LCD.o [1]
LCD_rectangle           0x0000a685    0xd2  Code  Gb  VCAN_LCD.o [1]
LCD_show                0x0000e0f5   0x188  Code  Gb  LCD_show.o [1]
LED_PTxn                0x1fff05a0     0x4  Data  Gb  VCAN_LED.o [1]
NVIC_DisableIRQ         0x0000cf05    0x14  Code  Lc  VCAN_OV7725_Eagle.o [1]
NVIC_EnableIRQ          0x0000d1a9    0x14  Code  Lc  Encoder.o [1]
NVIC_EnableIRQ          0x0000e449    0x14  Code  Lc  main.o [1]
NVIC_EnableIRQ          0x0000cef1    0x14  Code  Lc  VCAN_OV7725_Eagle.o [1]
PIT0_IRQHandler         0x0000d24d   0x1fa  Code  Gb  Encoder.o [1]
PORTA_IRQHandler        0x0000ce85    0x2a  Code  Gb  allinit.o [1]
PORTC_IRQHandler        0x0000e4b9    0xb4  Code  Gb  main.o [1]
PORTX                   0x1fff04ec    0x14  Data  Gb  MK60_port.o [1]
P_moto                  0x1fff0424     0x4  Data  Gb  Encoder.o [1]
Region$$Table$$Base     0x0000eb18           --   Gb  - Linker created -
Region$$Table$$Limit    0x0000eb28           --   Gb  - Linker created -
Reset_Handler           0x00008411          Code  Gb  startup_MK60DZ10.o [1]
SCCB_Ack                0x0000d7c5    0x3c  Code  Lc  VCAN_SCCB.o [1]
SCCB_GPIO_init          0x0000d70b    0x28  Code  Gb  VCAN_SCCB.o [1]
SCCB_NoAck              0x0000d801    0x3c  Code  Lc  VCAN_SCCB.o [1]
SCCB_ReadByte           0x0000d9a1    0x2c  Code  Gb  VCAN_SCCB.o [1]
SCCB_ReadByte_one       0x0000d9cd    0x86  Code  Lc  VCAN_SCCB.o [1]
SCCB_ReceiveByte        0x0000d8cd    0x54  Code  Lc  VCAN_SCCB.o [1]
SCCB_SendByte           0x0000d889    0x44  Code  Lc  VCAN_SCCB.o [1]
SCCB_Start              0x0000d733    0x5e  Code  Lc  VCAN_SCCB.o [1]
SCCB_Stop               0x0000d791    0x34  Code  Lc  VCAN_SCCB.o [1]
SCCB_WaitAck            0x0000d83d    0x4c  Code  Lc  VCAN_SCCB.o [1]
SCCB_WriteByte          0x0000d931    0x28  Code  Gb  VCAN_SCCB.o [1]
SCCB_WriteByte_one      0x0000d959    0x48  Code  Lc  VCAN_SCCB.o [1]
SCCB_delay              0x0000d6f1    0x1a  Code  Lc  VCAN_SCCB.o [1]
ST7735S_get_dir         0x0000a021     0x6  Code  Gb  VCAN_LCD_ST7735S.o [1]
ST7735S_get_h           0x0000a015     0x6  Code  Gb  VCAN_LCD_ST7735S.o [1]
ST7735S_get_w           0x0000a01b     0x6  Code  Gb  VCAN_LCD_ST7735S.o [1]
UARTN                   0x1fff0500    0x18  Data  Gb  MK60_uart.o [1]
__BOOT_STACK_ADDRESS {Abs}
                        0x2000fbe8          Data  Gb  command line/config [2]
__VECTOR_RAM {Abs}      0x1fff0000          Data  Gb  command line/config [2]
__VECTOR_TABLE {Abs}    0x00008000          Data  Gb  command line/config [2]
__aeabi_f2iz            0x0000dad1          Code  Gb  FltToS32.o [4]
__aeabi_f2uiz           0x0000c9d5          Code  Gb  FltToU32.o [4]
__aeabi_fadd            0x0000c951          Code  Gb  FltAdd.o [4]
__aeabi_fmul            0x0000c879          Code  Gb  FltMul.o [4]
__aeabi_i2f             0x0000c849          Code  Gb  I32ToFlt.o [4]
__cmain                 0x0000eb49          Code  Gb  cmain.o [5]
__code_start__ {Abs}    0x00008410          Data  Gb  command line/config [2]
__exit                  0x0000eb79          Code  Gb  XXexit.o [5]
__iar_data_init3        0x0000eaa9    0x28  Code  Gb  data_init.o [5]
__iar_fadd              0x0000c961          Code  Gb  FltAdd.o [4]
__iar_fsub              0x0000c9f9          Code  Gb  FltSub.o [4]
__iar_fsubStart         0x0000ca09          Code  Gb  FltSub.o [4]
__iar_program_start     0x0000ec2d          Code  Gb  cstartup_M.o [5]
__iar_ui2f              0x0000c85d          Code  Gb  I32ToFlt.o [4]
__iar_zero_init3        0x0000e9f1    0x40  Code  Gb  zero_init3.o [5]
__low_level_init        0x0000eb63     0x4  Code  Gb  low_level_init.o [3]
__vector_table          0x00008000   0x410  Data  Gb  vectors.o [1]
_call_main              0x0000eb55          Code  Gb  cmain.o [5]
_exit                   0x0000eb6d          Code  Gb  cexit.o [5]
_main                   0x0000eb5f          Code  Gb  cmain.o [5]
allinit                 0x0000cad1   0x3b0  Code  Gb  allinit.o [1]
assert_failed           0x0000a291    0x42  Code  Gb  MK60_conf.o [1]
btownum                 0x1fff1caf     0x1  Data  Gb  zhidao.o [1]
bus_clk_khz             0x1fff1c88     0x4  Data  Gb  system_MK60DZ10.o [1]
cleanpoint              0x0000b825   0x118  Code  Gb  get_center.o [1]
col                     0x1fff060e     0x1  Data  Gb  get_center.o [1]
common_startup          0x0000e60f    0x98  Code  Gb  system_MK60DZ10.o [1]
core_clk_khz            0x1fff1c80     0x4  Data  Gb  system_MK60DZ10.o [1]
core_clk_mhz            0x1fff1c84     0x4  Data  Gb  system_MK60DZ10.o [1]
currentspeed            0x1fff1bb0     0x4  Data  Gb  Encoder.o [1]
deepblue                0x1fff1c9c     0x1  Data  Gb  allinit.o [1]
default_isr             0x0000a2e9    0x68  Code  Gb  MK60_conf.o [1]
dianji                  0x0000e2d9   0x170  Code  Gb  dianji.o [1]
dma_gpio_input_init     0x0000d4ad    0x60  Code  Lc  MK60_dma.o [1]
dma_portx2buff_init     0x0000d50d   0x1b0  Code  Gb  MK60_dma.o [1]
duoji                   0x0000c3f9   0x450  Code  Gb  duoji.o [1]
duoji_PWM               0x1fff1b90     0x4  Data  Gb  duoji.o [1]
enter_fputc             0x0000a2d5    0x14  Code  Gb  MK60_conf.o [1]
errors                  0x1fff1b94     0x4  Data  Gb  duoji.o [1]
exit                    0x0000eb67     0x4  Code  Gb  exit.o [3]
ftm_mod                 0x1fff1c70    0x10  Data  Lc  MK60_ftm.o [1]
ftm_pwm_duty            0x0000bcc3   0x11a  Code  Gb  MK60_ftm.o [1]
ftm_pwm_init            0x0000bb15   0x1ae  Code  Gb  MK60_ftm.o [1]
ftm_quad_clean          0x0000bf0f    0x28  Code  Gb  MK60_ftm.o [1]
ftm_quad_get            0x0000bee3    0x2c  Code  Gb  MK60_ftm.o [1]
ftm_quad_init           0x0000bddd   0x106  Code  Gb  MK60_ftm.o [1]
fznum                   0x1fff1c9d     0x1  Data  Gb  allinit.o [1]
get_center              0x0000afbd   0x868  Code  Gb  get_center.o [1]
gpio_get                0x0000a133    0x3a  Code  Gb  MK60_gpio.o [1]
gpio_init               0x0000a04d    0xae  Code  Gb  MK60_gpio.o [1]
gpio_turn               0x0000a0fb    0x38  Code  Gb  MK60_gpio.o [1]
handle_img              0x0000e599    0x10  Code  Gb  handle_img.o [1]
hardfault_isr           0x0000a36d     0x8  Code  Gb  MK60_conf.o [1]
i                       0x1fff1c68     0x4  Data  Gb  get_center.o [1]
img                     0x1fff08bc  0x12c0  Data  Gb  allinit.o [1]
imgbuff                 0x1fff0664   0x258  Data  Gb  allinit.o [1]
imgdata                 0x1fff1b80     0x4  Data  Gb  allinit.o [1]
imgsize                 0x1fff0410     0x4  Data  Gb  allinit.o [1]
initcenter              0x1fff060f     0x1  Data  Gb  get_center.o [1]
j                       0x1fff1c6c     0x4  Data  Gb  get_center.o [1]
jiwanflag               0x1fff1ca4     0x1  Data  Gb  jiwan.o [1]
key_init                0x0000e27d    0x52  Code  Gb  VCAN_key.o [1]
led_init                0x0000a375    0x3a  Code  Gb  VCAN_LED.o [1]
led_turn                0x0000a3af    0x32  Code  Gb  VCAN_LED.o [1]
left                    0x1fff1bb4    0x3c  Data  Gb  get_center.o [1]
lianxuhangnum_left      0x1fff1cb0     0x1  Data  Gb  zhidao.o [1]
lianxuhangnum_right     0x1fff1cb1     0x1  Data  Gb  zhidao.o [1]
main                    0x0000e45d    0x5c  Code  Gb  main.o [1]
mcg_cfg                 0x1fff0490    0x58  Data  Gb  MK60_mcg.o [1]
mcg_div                 0x1fff04e8     0x4  Data  Gb  MK60_mcg.o [1]
mcg_div_count           0x0000db1d   0x304  Code  Gb  MK60_mcg.o [1]
mid_line                0x1fff1c94     0x2  Data  Gb  duoji.o [1]
motorPWM                0x1fff0420     0x4  Data  Gb  Encoder.o [1]
ov7725_eagle_cfgnum     0x1fff0611     0x1  Data  Gb  VCAN_OV7725_Eagle.o [1]
ov7725_eagle_dma        0x0000cfd1    0x14  Code  Gb  VCAN_OV7725_Eagle.o [1]
ov7725_eagle_get_img    0x0000cfe5    0x54  Code  Gb  VCAN_OV7725_Eagle.o [1]
ov7725_eagle_img_buff   0x1fff1c8c     0x4  Data  Gb  VCAN_OV7725_Eagle.o [1]
ov7725_eagle_img_flag   0x1fff0610     0x1  Data  Gb  VCAN_OV7725_Eagle.o [1]
ov7725_eagle_init       0x0000cf19    0x18  Code  Gb  VCAN_OV7725_Eagle.o [1]
ov7725_eagle_port_init  0x0000cf31    0x54  Code  Lc  VCAN_OV7725_Eagle.o [1]
ov7725_eagle_reg        0x1fff05a4    0x64  Data  Gb  VCAN_OV7725_Eagle.o [1]
ov7725_eagle_reg_init   0x0000d039    0xca  Code  Lc  VCAN_OV7725_Eagle.o [1]
ov7725_eagle_vsync      0x0000cf85    0x4c  Code  Gb  VCAN_OV7725_Eagle.o [1]
perrors                 0x1fff1b98     0x4  Data  Gb  duoji.o [1]
pit_init                0x0000da55    0x6c  Code  Gb  MK60_PIT.o [1]
pll_init                0x0000de21    0xb2  Code  Gb  MK60_mcg.o [1]
port_init               0x0000a175    0x48  Code  Gb  MK60_port.o [1]
port_init_NoALT         0x0000a1bd    0x66  Code  Gb  MK60_port.o [1]
right                   0x1fff1bf0    0x3c  Data  Gb  get_center.o [1]
row                     0x1fff060d     0x1  Data  Gb  get_center.o [1]
set_sys_dividers        0x1fff0615    0x50  Code  Gb  MK60_mcg.o [1]
set_vector_handler      0x0000d17b    0x22  Code  Gb  misc.o [1]
settingspeed            0x1fff1b8c     0x4  Data  Gb  dianji.o [1]
site                    0x1fff1b84     0x4  Data  Gb  allinit.o [1]
size                    0x1fff1b88     0x4  Data  Gb  allinit.o [1]
speedError              0x1fff1ba4     0xc  Data  Gb  Encoder.o [1]
st7735s_dir             0x1fff1ca5     0x1  Data  Gb  VCAN_LCD_ST7735S.o [1]
st7735s_h               0x1fff0608     0x2  Data  Gb  VCAN_LCD_ST7735S.o [1]
st7735s_w               0x1fff060a     0x2  Data  Gb  VCAN_LCD_ST7735S.o [1]
standardrow             0x1fff060c     0x1  Data  Gb  duoji.o [1]
start                   0x0000e5a9    0x2a  Code  Gb  system_MK60DZ10.o [1]
stop_enableflag         0x1fff1cad     0x1  Data  Gb  zhidao.o [1]
stop_flag               0x1fff1cae     0x1  Data  Gb  zhidao.o [1]
sysinit                 0x0000e5d3    0x3c  Code  Gb  system_MK60DZ10.o [1]
systick_delay           0x0000a22d    0x36  Code  Gb  MK60_SysTick.o [1]
systick_delay_ms        0x0000a263    0x18  Code  Gb  MK60_SysTick.o [1]
tiaobianflag_left       0x1fff1ca7     0x1  Data  Gb  zhidao.o [1]
tiaobianflag_right      0x1fff1ca8     0x1  Data  Gb  zhidao.o [1]
tiaobianhang_left       0x1fff1caa     0x1  Data  Gb  zhidao.o [1]
tiaobianhang_right      0x1fff1ca9     0x1  Data  Gb  zhidao.o [1]
uart_init               0x0000a3e5   0x214  Code  Gb  MK60_uart.o [1]
uart_putchar            0x0000a5f9    0x1a  Code  Gb  MK60_uart.o [1]
uart_putstr             0x0000a613    0x22  Code  Gb  MK60_uart.o [1]
vcan_str                0x1fff0518    0x80  Data  Gb  VCAN_ASCII.o [1]
visvalMid               0x1fff1c2c    0x3c  Data  Gb  get_center.o [1]
wdog_disable            0x0000e6e5    0x16  Code  Gb  MK60_wdog.o [1]
wdog_unlock             0x0000e6fb    0x20  Code  Lc  MK60_wdog.o [1]
whitesum                0x1fff1c90     0x4  Data  Gb  zhidao.o [1]
width                   0x1fff0430    0x3c  Data  Gb  handle_img.o [1]
widthsum                0x1fff1cac     0x1  Data  Gb  zhidao.o [1]
write_vtor              0x0000d159    0x22  Code  Gb  misc.o [1]
wuxiaohang              0x1fff1ca1     0x1  Data  Gb  get_center.o [1]
wuxiaohang_flag         0x1fff1ca0     0x1  Data  Gb  get_center.o [1]
youwanflag              0x1fff1ca2     0x1  Data  Gb  jiwan.o [1]
zdnum                   0x1fff1c96     0x2  Data  Gb  zhidao.o [1]
zhidao                  0x0000bf51   0x4a8  Code  Gb  zhidao.o [1]
zhidaoflag              0x1fff1ca6     0x1  Data  Gb  zhidao.o [1]
zhidaohuandaoflag       0x1fff1cab     0x1  Data  Gb  zhidao.o [1]
zuowanflag              0x1fff1ca3     0x1  Data  Gb  jiwan.o [1]


[1] = E:\一些重要文件夹\智能车与理六420\中大智能车\repository02\car\Prj\IAR\FX15_Debug\Obj
[2] = command line
[3] = dl7M_tln.a
[4] = m7M_tl.a
[5] = rt7M_tl.a

  25 024 bytes of readonly  code memory
      80 bytes of readwrite code memory
   2 744 bytes of readonly  data memory
   6 224 bytes of readwrite data memory

Errors: none
Warnings: none
